[pixydrops.com/oxpinshtml/main-html/about.html]
[backblue.gif]
[fade.gif]
[index.html]
[pixydrops.com/oxpinshtml/main-html/assets/images/favicons/apple-touch-icon.png]
[pixydrops.com/oxpinshtml/main-html/assets/images/favicons/favicon-32x32.png]
[pixydrops.com/oxpinshtml/main-html/assets/images/favicons/favicon-16x16.png]
[pixydrops.com/oxpinshtml/main-html/assets/images/favicons/site.webmanifest]
[pixydrops.com/oxpinshtml/main-html/assets/vendors/bootstrap/css/bootstrap.min.css]
[pixydrops.com/oxpinshtml/main-html/assets/vendors/animate/animate.min.css]
[pixydrops.com/oxpinshtml/main-html/assets/vendors/animate/custom-animate.css]
[pixydrops.com/oxpinshtml/main-html/assets/vendors/fontawesome/css/all.min.css]
[pixydrops.com/oxpinshtml/main-html/assets/vendors/jarallax/jarallax.css]
[pixydrops.com/oxpinshtml/main-html/assets/vendors/jquery-magnific-popup/jquery.magnific-popup.css]
[pixydrops.com/oxpinshtml/main-html/assets/vendors/nouislider/nouislider.min.css]
[pixydrops.com/oxpinshtml/main-html/assets/vendors/nouislider/nouislider.pips.css]
[pixydrops.com/oxpinshtml/main-html/assets/vendors/odometer/odometer.min.css]
[pixydrops.com/oxpinshtml/main-html/assets/vendors/swiper/swiper.min.css]
[pixydrops.com/oxpinshtml/main-html/assets/vendors/oxpins-icons/style.css]
[pixydrops.com/oxpinshtml/main-html/assets/vendors/tiny-slider/tiny-slider.min.css]
[pixydrops.com/oxpinshtml/main-html/assets/vendors/reey-font/stylesheet.css]
[pixydrops.com/oxpinshtml/main-html/assets/vendors/owl-carousel/owl.carousel.min.css]
[pixydrops.com/oxpinshtml/main-html/assets/vendors/owl-carousel/owl.theme.default.min.css]
[pixydrops.com/oxpinshtml/main-html/assets/vendors/bxslider/jquery.bxslider.css]
[pixydrops.com/oxpinshtml/main-html/assets/vendors/bootstrap-select/css/bootstrap-select.min.css]
[pixydrops.com/oxpinshtml/main-html/assets/vendors/vegas/vegas.min.css]
[pixydrops.com/oxpinshtml/main-html/assets/vendors/jquery-ui/jquery-ui.css]
[pixydrops.com/oxpinshtml/main-html/assets/vendors/timepicker/timePicker.css]
[pixydrops.com/oxpinshtml/main-html/assets/css/oxpins.css]
[pixydrops.com/oxpinshtml/main-html/index.html]
[pixydrops.com/oxpinshtml/main-html/assets/images/resources/logo-1.png]
[pixydrops.com/oxpinshtml/main-html/assets/images/shapes/main-menu-shape-1.png]
[pixydrops.com/oxpinshtml/main-html/assets/images/icon/main-menu-heart-icon.png]
[pixydrops.com/oxpinshtml/main-html/become-volunteer.html]
[pixydrops.com/oxpinshtml/main-html/assets/images/home-showcase/home-1-1.png]
[pixydrops.com/oxpinshtml/main-html/index-one-page.html]
[pixydrops.com/oxpinshtml/main-html/index-dark.html]
[pixydrops.com/oxpinshtml/main-html/assets/images/home-showcase/home-1-2.png]
[pixydrops.com/oxpinshtml/main-html/index2.html]
[pixydrops.com/oxpinshtml/main-html/index2-one-page.html]
[pixydrops.com/oxpinshtml/main-html/index2-dark.html]
[pixydrops.com/oxpinshtml/main-html/assets/images/home-showcase/home-1-3.png]
[pixydrops.com/oxpinshtml/main-html/index3.html]
[pixydrops.com/oxpinshtml/main-html/index3-one-page.html]
[pixydrops.com/oxpinshtml/main-html/index3-dark.html]
[pixydrops.com/oxpinshtml/main-html/assets/images/home-showcase/home-1-4.png]
[pixydrops.com/oxpinshtml/main-html/index4.html]
[pixydrops.com/oxpinshtml/main-html/index4-one-page.html]
[pixydrops.com/oxpinshtml/main-html/index4-dark.html]
[pixydrops.com/oxpinshtml/main-html/assets/images/home-showcase/home-1-5.png]
[pixydrops.com/oxpinshtml/main-html/index5.html]
[pixydrops.com/oxpinshtml/main-html/index5-one-page.html]
[pixydrops.com/oxpinshtml/main-html/index5-dark.html]
[pixydrops.com/oxpinshtml/main-html/assets/images/home-showcase/home-1-6.png]
[pixydrops.com/oxpinshtml/main-html/index-boxed.html]
[pixydrops.com/oxpinshtml/main-html/assets/images/home-showcase/home-1-7.png]
[pixydrops.com/oxpinshtml/main-html/index-rtl.html]
[pixydrops.com/oxpinshtml/main-html/volunteer.html]
[pixydrops.com/oxpinshtml/main-html/volunteer-carousel.html]
[pixydrops.com/oxpinshtml/main-html/gallery.html]
[pixydrops.com/oxpinshtml/main-html/gallery-carousel.html]
[pixydrops.com/oxpinshtml/main-html/faq.html]
[pixydrops.com/oxpinshtml/main-html/404.html]
[pixydrops.com/oxpinshtml/main-html/donation.html]
[pixydrops.com/oxpinshtml/main-html/donations-list.html]
[pixydrops.com/oxpinshtml/main-html/donation-carousel.html]
[pixydrops.com/oxpinshtml/main-html/donation-details.html]
[pixydrops.com/oxpinshtml/main-html/donate-now.html]
[pixydrops.com/oxpinshtml/main-html/events.html]
[pixydrops.com/oxpinshtml/main-html/events-carousel.html]
[pixydrops.com/oxpinshtml/main-html/event-details.html]
[pixydrops.com/oxpinshtml/main-html/news.html]
[pixydrops.com/oxpinshtml/main-html/news-carousel.html]
[pixydrops.com/oxpinshtml/main-html/news-sidebar.html]
[pixydrops.com/oxpinshtml/main-html/news-sidebar-left.html]
[pixydrops.com/oxpinshtml/main-html/news-details.html]
[pixydrops.com/oxpinshtml/main-html/products.html]
[pixydrops.com/oxpinshtml/main-html/product-details.html]
[pixydrops.com/oxpinshtml/main-html/assets/images/testimonial/testimonial-2-1.jpg]
[pixydrops.com/oxpinshtml/main-html/assets/images/shapes/testimonial-two-shape-1.png]
[pixydrops.com/oxpinshtml/main-html/assets/images/testimonial/testimonial-2-2.jpg]
[pixydrops.com/oxpinshtml/main-html/assets/images/testimonial/testimonial-2-3.jpg]
[pixydrops.com/oxpinshtml/main-html/assets/images/team/team-1-1.jpg]
[pixydrops.com/oxpinshtml/main-html/assets/images/team/team-1-2.jpg]
[pixydrops.com/oxpinshtml/main-html/assets/images/team/team-1-3.jpg]
[pixydrops.com/oxpinshtml/main-html/assets/images/team/team-1-4.jpg]
[pixydrops.com/oxpinshtml/main-html/assets/images/shapes/brand-three-shape-1.png]
[pixydrops.com/oxpinshtml/main-html/assets/images/brand/brand-1-1.png]
[pixydrops.com/oxpinshtml/main-html/assets/images/brand/brand-1-2.png]
[pixydrops.com/oxpinshtml/main-html/assets/images/brand/brand-1-3.png]
[pixydrops.com/oxpinshtml/main-html/assets/images/resources/footer-logo.png]
[pixydrops.com/oxpinshtml/main-html/assets/vendors/bootstrap/js/bootstrap.bundle.min.js]
[pixydrops.com/oxpinshtml/main-html/assets/vendors/jquery-ajaxchimp/jquery.ajaxchimp.min.js]
[pixydrops.com/oxpinshtml/main-html/assets/vendors/jquery-appear/jquery.appear.min.js]
[pixydrops.com/oxpinshtml/main-html/assets/vendors/jquery-circle-progress/jquery.circle-progress.min.js]
[pixydrops.com/oxpinshtml/main-html/assets/vendors/jquery-magnific-popup/jquery.magnific-popup.min.js]
[pixydrops.com/oxpinshtml/main-html/assets/vendors/jquery-validate/jquery.validate.min.js]
[pixydrops.com/oxpinshtml/main-html/assets/vendors/wnumb/wNumb.min.js]
[pixydrops.com/oxpinshtml/main-html/assets/vendors/wow/wow.js]
[pixydrops.com/oxpinshtml/main-html/assets/vendors/isotope/isotope.js]
[pixydrops.com/oxpinshtml/main-html/assets/vendors/countdown/countdown.min.js]
[pixydrops.com/oxpinshtml/main-html/assets/vendors/bootstrap-select/js/bootstrap-select.min.js]
[pixydrops.com/oxpinshtml/main-html/assets/vendors/vegas/vegas.min.js]
[pixydrops.com/oxpinshtml/main-html/assets/vendors/timepicker/timePicker.js]
[pixydrops.com/oxpinshtml/main-html/about.html]
[pixydrops.com/oxpinshtml/main-html/assets/vendors/bootstrap/css/bootstrap.min.css]
[pixydrops.com/oxpinshtml/main-html/assets/vendors/animate/animate.min.css]
[pixydrops.com/oxpinshtml/main-html/assets/vendors/animate/custom-animate.css]
[pixydrops.com/oxpinshtml/main-html/assets/vendors/fontawesome/css/all.min.css]
[pixydrops.com/oxpinshtml/main-html/assets/vendors/jarallax/jarallax.css]
[pixydrops.com/oxpinshtml/main-html/assets/vendors/jquery-magnific-popup/jquery.magnific-popup.css]
[pixydrops.com/oxpinshtml/main-html/assets/vendors/nouislider/nouislider.min.css]
[pixydrops.com/oxpinshtml/main-html/assets/vendors/nouislider/nouislider.pips.css]
[pixydrops.com/oxpinshtml/main-html/assets/vendors/odometer/odometer.min.css]
[pixydrops.com/oxpinshtml/main-html/assets/vendors/swiper/swiper.min.css]
[pixydrops.com/oxpinshtml/main-html/assets/vendors/oxpins-icons/style.css]
[pixydrops.com/oxpinshtml/main-html/assets/vendors/tiny-slider/tiny-slider.min.css]
[pixydrops.com/oxpinshtml/main-html/assets/vendors/reey-font/stylesheet.css]
[pixydrops.com/oxpinshtml/main-html/assets/vendors/owl-carousel/owl.carousel.min.css]
[pixydrops.com/oxpinshtml/main-html/assets/vendors/owl-carousel/owl.theme.default.min.css]
[pixydrops.com/oxpinshtml/main-html/assets/vendors/bxslider/jquery.bxslider.css]
[pixydrops.com/oxpinshtml/main-html/assets/vendors/bootstrap-select/css/bootstrap-select.min.css]
[pixydrops.com/oxpinshtml/main-html/assets/vendors/vegas/vegas.min.css]
[pixydrops.com/oxpinshtml/main-html/assets/vendors/jquery-ui/jquery-ui.css]
[pixydrops.com/oxpinshtml/main-html/assets/vendors/timepicker/timePicker.css]
[pixydrops.com/oxpinshtml/main-html/assets/css/oxpins.css]
[pixydrops.com/oxpinshtml/main-html/assets/images/resources/causes-1-1.jpg]
[pixydrops.com/oxpinshtml/main-html/assets/images/shapes/causes-one-progress-shape-1.png]
[pixydrops.com/oxpinshtml/main-html/assets/images/resources/causes-1-3.jpg]
[pixydrops.com/oxpinshtml/main-html/assets/images/gallery/gallery-1-1.jpg]
[pixydrops.com/oxpinshtml/main-html/assets/images/gallery/gallery-1-4.jpg]
[pixydrops.com/oxpinshtml/main-html/index.html]
[pixydrops.com/oxpinshtml/main-html/become-volunteer.html]
[pixydrops.com/oxpinshtml/main-html/index-one-page.html]
[pixydrops.com/oxpinshtml/main-html/index-dark.html]
[pixydrops.com/oxpinshtml/main-html/assets/images/shapes/main-slider-two-shape-1.png]
[pixydrops.com/oxpinshtml/main-html/assets/images/shapes/main-slider-two-shape-2.png]
[pixydrops.com/oxpinshtml/main-html/assets/images/backgrounds/main-slider-2-2.jpg]
[pixydrops.com/oxpinshtml/main-html/assets/images/backgrounds/main-slider-2-3.jpg]
[pixydrops.com/oxpinshtml/main-html/assets/images/shapes/feature-two-shape-1.png]
[pixydrops.com/oxpinshtml/main-html/assets/images/resources/about-two-img-1.jpg]
[pixydrops.com/oxpinshtml/main-html/assets/images/shapes/about-two-shape-1.png]
[pixydrops.com/oxpinshtml/main-html/assets/images/shapes/causes-two-shape-1.png]
[pixydrops.com/oxpinshtml/main-html/assets/images/backgrounds/urgent-cause-bg.jpg]
[pixydrops.com/oxpinshtml/main-html/assets/images/blog/news-2-3.jpg]
[pixydrops.com/oxpinshtml/main-html/assets/images/blog/news-2-4.jpg]
[pixydrops.com/oxpinshtml/main-html/index2.html]
[pixydrops.com/oxpinshtml/main-html/index2-one-page.html]
[pixydrops.com/oxpinshtml/main-html/index2-dark.html]
[pixydrops.com/oxpinshtml/main-html/index3.html]
[pixydrops.com/oxpinshtml/main-html/index3-one-page.html]
[pixydrops.com/oxpinshtml/main-html/index3-dark.html]
[pixydrops.com/oxpinshtml/main-html/index4.html]
[pixydrops.com/oxpinshtml/main-html/index4-one-page.html]
[pixydrops.com/oxpinshtml/main-html/index4-dark.html]
[pixydrops.com/oxpinshtml/main-html/index5.html]
[pixydrops.com/oxpinshtml/main-html/index5-one-page.html]
[pixydrops.com/oxpinshtml/main-html/index5-dark.html]
[pixydrops.com/oxpinshtml/main-html/index-boxed.html]
[translate.google.com/translate_a/elementa0d8.js]
[pixydrops.com/oxpinshtml/main-html/index-rtl.html]
[pixydrops.com/oxpinshtml/main-html/volunteer.html]
[pixydrops.com/oxpinshtml/main-html/volunteer-carousel.html]
[pixydrops.com/oxpinshtml/main-html/gallery.html]
[pixydrops.com/oxpinshtml/main-html/gallery-carousel.html]
[pixydrops.com/oxpinshtml/main-html/faq.html]
[pixydrops.com/oxpinshtml/main-html/404.html]
[pixydrops.com/oxpinshtml/main-html/donation.html]
[pixydrops.com/oxpinshtml/main-html/donations-list.html]
[pixydrops.com/oxpinshtml/main-html/donation-carousel.html]
[pixydrops.com/oxpinshtml/main-html/donation-details.html]
[pixydrops.com/oxpinshtml/main-html/donate-now.html]
[pixydrops.com/oxpinshtml/main-html/events.html]
[pixydrops.com/oxpinshtml/main-html/events-carousel.html]
[pixydrops.com/oxpinshtml/main-html/event-details.html]
[pixydrops.com/oxpinshtml/main-html/news.html]
[pixydrops.com/oxpinshtml/main-html/news-carousel.html]
[pixydrops.com/oxpinshtml/main-html/news-sidebar.html]
[pixydrops.com/oxpinshtml/main-html/news-sidebar-left.html]
[pixydrops.com/oxpinshtml/main-html/news-details.html]
[pixydrops.com/oxpinshtml/main-html/products.html]
[pixydrops.com/oxpinshtml/main-html/product-details.html]
[pixydrops.com/oxpinshtml/main-html/cart.html]
[pixydrops.com/oxpinshtml/main-html/checkout.html]
[pixydrops.com/oxpinshtml/main-html/contact.html]
[pixydrops.com/oxpinshtml/main-html/assets/images/backgrounds/page-header-bg.html]
[pixydrops.com/oxpinshtml/main-html/assets/images/resources/about-four-img-1.html]
[pixydrops.com/oxpinshtml/main-html/assets/images/resources/about-four-img-2.html]
[pixydrops.com/oxpinshtml/main-html/assets/images/backgrounds/become-volunteer-one-bg.html]
[pixydrops.com/oxpinshtml/main-html/assets/images/shapes/become-volunteer-shape-1.html]
[pixydrops.com/oxpinshtml/main-html/assets/images/shapes/faq-one-shape-1.html]
[pixydrops.com/oxpinshtml/main-html/assets/images/backgrounds/faq-one-bg.html]
[pixydrops.com/oxpinshtml/main-html/team-details.html]
[pixydrops.com/oxpinshtml/main-html/assets/images/brand/brand-1-4.html]
[pixydrops.com/oxpinshtml/main-html/assets/images/brand/brand-1-5.html]
[pixydrops.com/oxpinshtml/main-html/assets/images/brand/brand-1-6.html]
[pixydrops.com/oxpinshtml/main-html/assets/images/backgrounds/site-footer-bg.html]
[pixydrops.com/oxpinshtml/main-html/assets/images/resources/logo-2.html]
[pixydrops.com/oxpinshtml/main-html/assets/vendors/jquery/jquery-3.6.0.min.html]
[pixydrops.com/oxpinshtml/main-html/assets/vendors/jarallax/jarallax.min.html]
[pixydrops.com/oxpinshtml/main-html/assets/vendors/nouislider/nouislider.min.html]
[pixydrops.com/oxpinshtml/main-html/assets/vendors/odometer/odometer.min.html]
[pixydrops.com/oxpinshtml/main-html/assets/vendors/swiper/swiper.min.html]
[pixydrops.com/oxpinshtml/main-html/assets/vendors/tiny-slider/tiny-slider.min.html]
[pixydrops.com/oxpinshtml/main-html/assets/vendors/owl-carousel/owl.carousel.min.html]
[pixydrops.com/oxpinshtml/main-html/assets/vendors/bxslider/jquery.bxslider.min.html]
[pixydrops.com/oxpinshtml/main-html/assets/vendors/jquery-ui/jquery-ui.html]
[pixydrops.com/oxpinshtml/main-html/assets/vendors/circleType/jquery.circleType.html]
[pixydrops.com/oxpinshtml/main-html/assets/vendors/circleType/jquery.lettering.min.html]
[pixydrops.com/oxpinshtml/main-html/assets/js/oxpins.html]
[pixydrops.com/oxpinshtml/main-html/assets/vendors/fontawesome/webfonts/fa-brands-400.html]
[pixydrops.com/oxpinshtml/main-html/assets/vendors/fontawesome/webfonts/fa-brands-400d41d.html]
[pixydrops.com/oxpinshtml/main-html/assets/vendors/fontawesome/webfonts/fa-brands-401.html]
[pixydrops.com/oxpinshtml/main-html/assets/vendors/fontawesome/webfonts/fa-brands-402.html]
[pixydrops.com/oxpinshtml/main-html/assets/vendors/fontawesome/webfonts/fa-brands-403.html]
[pixydrops.com/oxpinshtml/main-html/assets/vendors/fontawesome/webfonts/fa-brands-404.html]
[pixydrops.com/oxpinshtml/main-html/assets/vendors/fontawesome/webfonts/fa-regular-400.html]
[pixydrops.com/oxpinshtml/main-html/assets/vendors/fontawesome/webfonts/fa-regular-400d41d.html]
[pixydrops.com/oxpinshtml/main-html/assets/vendors/fontawesome/webfonts/fa-regular-401.html]
[pixydrops.com/oxpinshtml/main-html/assets/vendors/fontawesome/webfonts/fa-regular-402.html]
[pixydrops.com/oxpinshtml/main-html/assets/vendors/fontawesome/webfonts/fa-regular-403.html]
[pixydrops.com/oxpinshtml/main-html/assets/vendors/fontawesome/webfonts/fa-regular-404.html]
[pixydrops.com/oxpinshtml/main-html/assets/vendors/fontawesome/webfonts/fa-solid-900.html]
[pixydrops.com/oxpinshtml/main-html/assets/vendors/fontawesome/webfonts/fa-solid-900d41d.html]
[pixydrops.com/oxpinshtml/main-html/assets/vendors/fontawesome/webfonts/fa-solid-901.html]
[pixydrops.com/oxpinshtml/main-html/assets/vendors/fontawesome/webfonts/fa-solid-902.html]
[pixydrops.com/oxpinshtml/main-html/assets/vendors/fontawesome/webfonts/fa-solid-903.html]
[pixydrops.com/oxpinshtml/main-html/assets/vendors/fontawesome/webfonts/fa-solid-904.html]
[pixydrops.com/oxpinshtml/main-html/assets/vendors/oxpins-icons/fonts/icomoond671.html]
[pixydrops.com/oxpinshtml/main-html/assets/vendors/oxpins-icons/fonts/icomoond671-2.html]
[pixydrops.com/oxpinshtml/main-html/assets/vendors/oxpins-icons/fonts/icomoond671-3.html]
[pixydrops.com/oxpinshtml/main-html/assets/vendors/oxpins-icons/fonts/icomoond671-4.html]
[pixydrops.com/oxpinshtml/main-html/assets/vendors/reey-font/reey-regular-webfont.html]
[pixydrops.com/oxpinshtml/main-html/assets/vendors/reey-font/reey-regular-webfont-2.html]
[pixydrops.com/oxpinshtml/main-html/assets/vendors/owl-carousel/owl.video.play.html]
[pixydrops.com/oxpinshtml/main-html/assets/vendors/images/icon/bx_loader.html]
[pixydrops.com/oxpinshtml/main-html/assets/vendors/img/bx-slider/controls.html]
[pixydrops.com/oxpinshtml/main-html/assets/vendors/vegas/overlays/02.html]
[pixydrops.com/oxpinshtml/main-html/assets/vendors/jquery-ui/images/ui-bg_highlight-soft_75_cccccc_1x100.html]
[pixydrops.com/oxpinshtml/main-html/assets/vendors/jquery-ui/images/ui-bg_glass_75_e6e6e6_1x400.html]
[pixydrops.com/oxpinshtml/main-html/assets/vendors/jquery-ui/images/ui-bg_glass_75_dadada_1x400.html]
[pixydrops.com/oxpinshtml/main-html/assets/vendors/jquery-ui/images/ui-bg_glass_65_ffffff_1x400.html]
[pixydrops.com/oxpinshtml/main-html/assets/vendors/jquery-ui/images/ui-bg_glass_55_fbf9ee_1x400.html]
[pixydrops.com/oxpinshtml/main-html/assets/vendors/jquery-ui/images/ui-bg_glass_95_fef1ec_1x400.html]
[pixydrops.com/oxpinshtml/main-html/assets/vendors/jquery-ui/images/ui-icons_222222_256x240.html]
[pixydrops.com/oxpinshtml/main-html/assets/vendors/jquery-ui/images/ui-icons_888888_256x240.html]
[pixydrops.com/oxpinshtml/main-html/assets/vendors/jquery-ui/images/ui-icons_454545_256x240.html]
[pixydrops.com/oxpinshtml/main-html/assets/vendors/jquery-ui/images/ui-icons_2e83ff_256x240.html]
[pixydrops.com/oxpinshtml/main-html/assets/vendors/jquery-ui/images/ui-icons_cd0a0a_256x240.html]
[pixydrops.com/oxpinshtml/main-html/assets/vendors/timepicker/images/ui-icons_444444_256x240.html]
[pixydrops.com/oxpinshtml/main-html/assets/images/loader.html]
[pixydrops.com/oxpinshtml/main-html/assets/images/shapes/main-menu__volunteers-icon-shape.html]
[pixydrops.com/oxpinshtml/main-html/blog-grid.html]
[pixydrops.com/oxpinshtml/main-html/blog-grid-left.html]
[pixydrops.com/oxpinshtml/main-html/blog-grid-right.html]
[pixydrops.com/oxpinshtml/main-html/assets/images/backgrounds/main-slider-1-1.html]
[pixydrops.com/oxpinshtml/main-html/assets/images/shapes/main-slider-shape-1.html]
[pixydrops.com/oxpinshtml/main-html/assets/images/shapes/main-slider-shape-2.html]
[pixydrops.com/oxpinshtml/main-html/assets/images/backgrounds/main-slider-1-2.html]
[pixydrops.com/oxpinshtml/main-html/assets/images/backgrounds/main-slider-1-3.html]
[pixydrops.com/oxpinshtml/main-html/assets/images/shapes/about-one-shape-1.html]
[pixydrops.com/oxpinshtml/main-html/assets/images/resources/about-one-img-1.html]
[pixydrops.com/oxpinshtml/main-html/assets/images/icon/curved-circle-icon.html]
[pixydrops.com/oxpinshtml/main-html/assets/images/shapes/about-one-shape-2.html]
[pixydrops.com/oxpinshtml/main-html/assets/images/shapes/about-one-shape-3.html]
[pixydrops.com/oxpinshtml/main-html/assets/images/shapes/about-one-shape-4.html]
[pixydrops.com/oxpinshtml/main-html/assets/images/resources/causes-1-2.html]
[pixydrops.com/oxpinshtml/main-html/assets/images/shapes/events-one-shape-1.html]
[pixydrops.com/oxpinshtml/main-html/assets/images/events/events-1-1.html]
[pixydrops.com/oxpinshtml/main-html/assets/images/events/events-1-2.html]
[pixydrops.com/oxpinshtml/main-html/assets/images/events/events-1-3.html]
[pixydrops.com/oxpinshtml/main-html/assets/images/shapes/feature-one-shape-1.html]
[pixydrops.com/oxpinshtml/main-html/assets/images/backgrounds/testimonial-one-bg.html]
[pixydrops.com/oxpinshtml/main-html/assets/images/testimonial/testimonial-img-1.html]
[pixydrops.com/oxpinshtml/main-html/assets/images/testimonial/testimonial-img-2.html]
[pixydrops.com/oxpinshtml/main-html/assets/images/testimonial/testimonial-img-3.html]
[pixydrops.com/oxpinshtml/main-html/assets/images/testimonial/testimonial-img-4.html]
[pixydrops.com/oxpinshtml/main-html/assets/images/shapes/testimonial-one-shape-1.html]
[pixydrops.com/oxpinshtml/main-html/assets/images/testimonial/testimonial-1-1.html]
[pixydrops.com/oxpinshtml/main-html/assets/images/testimonial/testimonial-1-2.html]
[pixydrops.com/oxpinshtml/main-html/assets/images/testimonial/testimonial-1-3.html]
[pixydrops.com/oxpinshtml/main-html/assets/images/gallery/gallery-1-2.html]
[pixydrops.com/oxpinshtml/main-html/assets/images/gallery/gallery-1-3.html]
[pixydrops.com/oxpinshtml/main-html/assets/images/gallery/gallery-1-5.html]
[pixydrops.com/oxpinshtml/main-html/assets/images/backgrounds/counter-one-bg.html]
[pixydrops.com/oxpinshtml/main-html/assets/images/blog/news-1-1.html]
[pixydrops.com/oxpinshtml/main-html/assets/images/blog/news-1-2.html]
[pixydrops.com/oxpinshtml/main-html/assets/images/blog/news-1-3.html]
[pixydrops.com/oxpinshtml/main-html/assets/images/team/become-volunteer-img-1.html]
[pixydrops.com/oxpinshtml/main-html/assets/css/oxpins-dark.html]
[pixydrops.com/oxpinshtml/main-html/assets/images/shapes/about-one-shape-3-dark.html]
[pixydrops.com/oxpinshtml/main-html/assets/images/shapes/become-volunteer-shape-1-dark.html]
[pixydrops.com/oxpinshtml/main-html/assets/images/brand/brand-1-1-dark.html]
[pixydrops.com/oxpinshtml/main-html/assets/images/brand/brand-1-2-dark.html]
[pixydrops.com/oxpinshtml/main-html/assets/images/brand/brand-1-3-dark.html]
[pixydrops.com/oxpinshtml/main-html/assets/images/brand/brand-1-4-dark.html]
[pixydrops.com/oxpinshtml/main-html/assets/images/brand/brand-1-5-dark.html]
[pixydrops.com/oxpinshtml/main-html/assets/images/brand/brand-1-6-dark.html]
[pixydrops.com/oxpinshtml/main-html/assets/images/backgrounds/main-slider-2-1.html]
[pixydrops.com/oxpinshtml/main-html/assets/images/resources/about-two-img-2.html]
[pixydrops.com/oxpinshtml/main-html/assets/images/shapes/about-two-shape-2.html]
[pixydrops.com/oxpinshtml/main-html/assets/images/shapes/about-two-shape-3.html]
[pixydrops.com/oxpinshtml/main-html/assets/images/backgrounds/help-bg.html]
[pixydrops.com/oxpinshtml/main-html/assets/images/shapes/help-shape-1.html]
[pixydrops.com/oxpinshtml/main-html/assets/images/blog/news-2-1.html]
[pixydrops.com/oxpinshtml/main-html/assets/images/blog/news-2-2.html]
[pixydrops.com/oxpinshtml/main-html/assets/images/shapes/brand-two-shape-1.html]
[pixydrops.com/oxpinshtml/main-html/assets/images/shapes/testimonial-two-shape-1-dark.html]
[pixydrops.com/oxpinshtml/main-html/assets/images/shapes/help-shape-1-dark.html]
[pixydrops.com/oxpinshtml/main-html/assets/images/icon/main-menu-heart-icon-2.html]
[pixydrops.com/oxpinshtml/main-html/assets/images/backgrounds/main-slider-3-1.html]
[pixydrops.com/oxpinshtml/main-html/assets/images/backgrounds/main-slider-3-2.html]
[pixydrops.com/oxpinshtml/main-html/assets/images/backgrounds/main-slider-3-3.html]
[pixydrops.com/oxpinshtml/main-html/assets/images/resources/make-donation-img-1.html]
[pixydrops.com/oxpinshtml/main-html/assets/images/resources/about-three-img.html]
[pixydrops.com/oxpinshtml/main-html/assets/images/resources/about-three-img-2.html]
[pixydrops.com/oxpinshtml/main-html/assets/images/shapes/about-three-help-shape.html]
[pixydrops.com/oxpinshtml/main-html/assets/images/resources/feature-3-1.html]
[pixydrops.com/oxpinshtml/main-html/assets/images/resources/feature-3-2.html]
[pixydrops.com/oxpinshtml/main-html/assets/images/resources/feature-3-3.html]
[pixydrops.com/oxpinshtml/main-html/assets/images/backgrounds/causes-three-bg.html]
[pixydrops.com/oxpinshtml/main-html/assets/images/shapes/causes-three-shape-1.html]
[pixydrops.com/oxpinshtml/main-html/assets/images/resources/causes-3-1.html]
[pixydrops.com/oxpinshtml/main-html/assets/images/resources/causes-3-2.html]
[pixydrops.com/oxpinshtml/main-html/assets/images/resources/causes-3-3.html]
[pixydrops.com/oxpinshtml/main-html/assets/images/resources/causes-3-4.html]
[pixydrops.com/oxpinshtml/main-html/assets/images/testimonial/testimonial-3-1.html]
[pixydrops.com/oxpinshtml/main-html/assets/images/shapes/testimonial-three-shape-1.html]
[pixydrops.com/oxpinshtml/main-html/assets/images/testimonial/testimonial-3-2.html]
[pixydrops.com/oxpinshtml/main-html/assets/images/testimonial/testimonial-3-3.html]
[pixydrops.com/oxpinshtml/main-html/assets/images/shapes/events-two-shape-1.html]
[pixydrops.com/oxpinshtml/main-html/assets/images/backgrounds/events-two-bg.html]
[pixydrops.com/oxpinshtml/main-html/assets/images/shapes/events-two-shape-2.html]
[pixydrops.com/oxpinshtml/main-html/assets/images/events/events-2-1.html]
[pixydrops.com/oxpinshtml/main-html/assets/images/events/events-2-2.html]
[pixydrops.com/oxpinshtml/main-html/assets/images/resources/feature-3-1-dark.html]
[pixydrops.com/oxpinshtml/main-html/assets/images/resources/feature-3-2-dark.html]
[pixydrops.com/oxpinshtml/main-html/assets/images/resources/feature-3-3-dark.html]
[pixydrops.com/oxpinshtml/main-html/assets/images/shapes/causes-three-shape-1-dark.html]
[pixydrops.com/oxpinshtml/main-html/assets/images/shapes/testimonial-three-shape-1-dark.html]
[pixydrops.com/oxpinshtml/main-html/assets/vendors/oxpins-icons-two/style.html]
[pixydrops.com/oxpinshtml/main-html/assets/css/oxpins-update.html]
[pixydrops.com/oxpinshtml/main-html/assets/css/oxpins-color-1.html]
[pixydrops.com/oxpinshtml/main-html/assets/images/resources/logo-3.html]
[pixydrops.com/oxpinshtml/main-html/become-volunteer-two.html]
[pixydrops.com/oxpinshtml/main-html/assets/images/shapes/main-slider-4-1.html]
[pixydrops.com/oxpinshtml/main-html/assets/images/shapes/slider-4-border.html]
[pixydrops.com/oxpinshtml/main-html/assets/images/resources/slider-4-1.html]
[pixydrops.com/oxpinshtml/main-html/assets/images/shapes/slider-4-shape-1.html]
[pixydrops.com/oxpinshtml/main-html/assets/images/shapes/slider-4-shape-2.html]
[pixydrops.com/oxpinshtml/main-html/assets/images/shapes/slider-4-shape-3.html]
[pixydrops.com/oxpinshtml/main-html/assets/images/shapes/pillar-1.html]
[pixydrops.com/oxpinshtml/main-html/assets/images/shapes/pillar-2.html]
[pixydrops.com/oxpinshtml/main-html/assets/images/shapes/pillar-3.html]
[pixydrops.com/oxpinshtml/main-html/assets/images/shapes/pillar-4.html]
[pixydrops.com/oxpinshtml/main-html/assets/images/shapes/pillar-5.html]
[pixydrops.com/oxpinshtml/main-html/assets/images/resources/about-5-1.html]
[pixydrops.com/oxpinshtml/main-html/assets/images/shapes/about-5-feature-bg.html]
[pixydrops.com/oxpinshtml/main-html/assets/images/shapes/salary.html]
[pixydrops.com/oxpinshtml/main-html/assets/images/resources/about-5-feature-1.html]
[pixydrops.com/oxpinshtml/main-html/assets/images/shapes/united.html]
[pixydrops.com/oxpinshtml/main-html/assets/images/backgrounds/call-to-action-bg.html]
[pixydrops.com/oxpinshtml/main-html/assets/images/resources/counter-1-1.html]
[pixydrops.com/oxpinshtml/main-html/assets/images/resources/causes-4-1.html]
[pixydrops.com/oxpinshtml/main-html/assets/images/resources/causes-4-2.html]
[pixydrops.com/oxpinshtml/main-html/assets/images/resources/causes-4-3.html]
[pixydrops.com/oxpinshtml/main-html/assets/images/gallery/gallery-3-1.html]
[pixydrops.com/oxpinshtml/main-html/assets/images/gallery/gallery-3-2.html]
[pixydrops.com/oxpinshtml/main-html/assets/images/gallery/gallery-3-3.html]
[pixydrops.com/oxpinshtml/main-html/assets/images/gallery/gallery-3-4.html]
[pixydrops.com/oxpinshtml/main-html/assets/images/gallery/gallery-3-5.html]
[pixydrops.com/oxpinshtml/main-html/assets/images/shapes/testimonial-bg-4.html]
[pixydrops.com/oxpinshtml/main-html/assets/images/shapes/testimonial-4-shape.html]
[pixydrops.com/oxpinshtml/main-html/assets/images/shapes/testimonial-4-shape-two.html]
[pixydrops.com/oxpinshtml/main-html/assets/images/testimonial/testimonial-4-1.html]
[pixydrops.com/oxpinshtml/main-html/assets/images/testimonial/testimonial-4-2.html]
[pixydrops.com/oxpinshtml/main-html/assets/images/testimonial/testimonial-4-3.html]
[pixydrops.com/oxpinshtml/main-html/assets/images/events/events-3-1.html]
[pixydrops.com/oxpinshtml/main-html/assets/images/events/events-3-2.html]
[pixydrops.com/oxpinshtml/main-html/assets/images/events/events-3-3.html]
[pixydrops.com/oxpinshtml/main-html/assets/images/shapes/donate-shape-bg.html]
[pixydrops.com/oxpinshtml/main-html/assets/images/shapes/donate-shape-1.html]
[pixydrops.com/oxpinshtml/main-html/assets/images/resources/donate-1-1.html]
[pixydrops.com/oxpinshtml/main-html/assets/images/team/team-2-1.html]
[pixydrops.com/oxpinshtml/main-html/assets/images/team/team-2-2.html]
[pixydrops.com/oxpinshtml/main-html/assets/images/team/team-2-3.html]
[pixydrops.com/oxpinshtml/main-html/assets/images/blog/news-3-1.html]
[pixydrops.com/oxpinshtml/main-html/assets/images/blog/news-3-2.html]
[pixydrops.com/oxpinshtml/main-html/assets/images/brand/brand-3-1.html]
[pixydrops.com/oxpinshtml/main-html/assets/images/shapes/become-volunteer-shape-2.html]
[pixydrops.com/oxpinshtml/main-html/assets/images/shapes/site-footer-two-bg.html]
[pixydrops.com/oxpinshtml/main-html/assets/images/resources/footer-logo-two.html]
[pixydrops.com/oxpinshtml/main-html/assets/images/shapes/about-5-feature-bg-dark.html]
[pixydrops.com/oxpinshtml/main-html/assets/images/shapes/testimonial-bg-4-dark.html]
[pixydrops.com/oxpinshtml/main-html/assets/images/shapes/testimonial-4-shape-dark.html]
[pixydrops.com/oxpinshtml/main-html/assets/images/shapes/donate-shape-bg-dark.html]
[pixydrops.com/oxpinshtml/main-html/assets/images/brand/brand-3-1-dark.html]
[pixydrops.com/oxpinshtml/main-html/assets/css/oxpins-color-2.html]
[pixydrops.com/oxpinshtml/main-html/assets/images/resources/logo-4.html]
[pixydrops.com/oxpinshtml/main-html/become-volunteer-three.html]
[pixydrops.com/oxpinshtml/main-html/assets/images/backgrounds/main-slider-5-1.html]
[pixydrops.com/oxpinshtml/main-html/assets/images/shapes/main-slider-5-shape.html]
[pixydrops.com/oxpinshtml/main-html/assets/images/backgrounds/main-slider-5-2.html]
[pixydrops.com/oxpinshtml/main-html/assets/images/shapes/feature-5-bg.html]
[pixydrops.com/oxpinshtml/main-html/assets/images/resources/about-6-1.html]
[pixydrops.com/oxpinshtml/main-html/assets/images/resources/about-6-2.html]
[pixydrops.com/oxpinshtml/main-html/assets/images/shapes/service-bg-1.html]
[pixydrops.com/oxpinshtml/main-html/assets/images/shapes/service-shape-1.html]
[pixydrops.com/oxpinshtml/main-html/assets/images/resources/service-1-1-normal.html]
[pixydrops.com/oxpinshtml/main-html/assets/images/resources/service-1-1.html]
[pixydrops.com/oxpinshtml/main-html/assets/images/resources/service-1-2-normal.html]
[pixydrops.com/oxpinshtml/main-html/assets/images/resources/service-1-2.html]
[pixydrops.com/oxpinshtml/main-html/assets/images/resources/service-1-3-normal.html]
[pixydrops.com/oxpinshtml/main-html/assets/images/resources/service-1-3.html]
[pixydrops.com/oxpinshtml/main-html/assets/images/resources/service-1-4-normal.html]
[pixydrops.com/oxpinshtml/main-html/assets/images/resources/service-1-4.html]
[pixydrops.com/oxpinshtml/main-html/assets/images/resources/causes-5-1.html]
[pixydrops.com/oxpinshtml/main-html/assets/images/resources/causes-5-2.html]
[pixydrops.com/oxpinshtml/main-html/assets/images/resources/causes-5-3.html]
[pixydrops.com/oxpinshtml/main-html/assets/images/shapes/become-volunteer-shape-3.html]
[pixydrops.com/oxpinshtml/main-html/assets/images/resources/become-volunteer-three.html]
[pixydrops.com/oxpinshtml/main-html/assets/images/shapes/testimonial-bg-5.html]
[pixydrops.com/oxpinshtml/main-html/assets/images/shapes/testimonial-5-shape.html]
[pixydrops.com/oxpinshtml/main-html/assets/images/testimonial/testimonial-5-1.html]
[pixydrops.com/oxpinshtml/main-html/assets/images/shapes/testimonial-5-quote.html]
[pixydrops.com/oxpinshtml/main-html/assets/images/testimonial/testimonial-5-2.html]
[pixydrops.com/oxpinshtml/main-html/assets/images/testimonial/testimonial-5-3.html]
[pixydrops.com/oxpinshtml/main-html/assets/images/testimonial/testimonial-5-4.html]
[pixydrops.com/oxpinshtml/main-html/assets/images/shapes/why-choose-bg.html]
[pixydrops.com/oxpinshtml/main-html/assets/images/resources/why-choose-1.html]
[pixydrops.com/oxpinshtml/main-html/assets/images/shapes/counter-bg-3.html]
[pixydrops.com/oxpinshtml/main-html/assets/images/resources/faq-3-1.html]
[pixydrops.com/oxpinshtml/main-html/assets/images/shapes/faq-three-icon.html]
[pixydrops.com/oxpinshtml/main-html/assets/images/blog/news-4-1.html]
[pixydrops.com/oxpinshtml/main-html/assets/images/blog/news-4-2.html]
[pixydrops.com/oxpinshtml/main-html/assets/images/blog/news-4-3.html]
[pixydrops.com/oxpinshtml/main-html/assets/images/gallery/gallery-4-1.html]
[pixydrops.com/oxpinshtml/main-html/assets/images/gallery/gallery-4-2.html]
[pixydrops.com/oxpinshtml/main-html/assets/images/gallery/gallery-4-3.html]
[pixydrops.com/oxpinshtml/main-html/assets/images/gallery/gallery-4-4.html]
[pixydrops.com/oxpinshtml/main-html/assets/images/gallery/gallery-4-5.html]
[pixydrops.com/oxpinshtml/main-html/assets/images/shapes/site-footer-three-bg.html]
[pixydrops.com/oxpinshtml/main-html/assets/images/resources/footer-logo-three.html]
[pixydrops.com/oxpinshtml/main-html/assets/images/resources/logo-4-dark.html]
[pixydrops.com/oxpinshtml/main-html/assets/images/shapes/service-bg-1-dark.html]
[pixydrops.com/oxpinshtml/main-html/assets/images/shapes/testimonial-bg-5-dark.html]
[pixydrops.com/oxpinshtml/main-html/assets/images/shapes/testimonial-5-shape-dark.html]
[pixydrops.com/oxpinshtml/main-html/assets/css/oxpins-rtl.html]
[pixydrops.com/oxpinshtml/main-html/assets/css/oxpins-rtl-custom.html]
[pixydrops.com/oxpinshtml/main-html/assets/vendors/layerdrops-toolbar/css/layerdrops-toolbar.html]
[pixydrops.com/oxpinshtml/main-html/assets/images/shapes/main-menu-shape-1-rtl.html]
[pixydrops.com/oxpinshtml/main-html/assets/images/backgrounds/main-slider-1-1-rtl.html]
[pixydrops.com/oxpinshtml/main-html/assets/images/backgrounds/main-slider-1-2-rtl.html]
[pixydrops.com/oxpinshtml/main-html/assets/images/backgrounds/main-slider-1-3-rtl.html]
[pixydrops.com/oxpinshtml/main-html/assets/vendors/layerdrops-toolbar/js/js.cookie.min.html]
[pixydrops.com/oxpinshtml/main-html/assets/vendors/layerdrops-toolbar/js/jQuery.style.switcher.min.html]
[pixydrops.com/oxpinshtml/main-html/assets/vendors/layerdrops-toolbar/js/lang.html]
[pixydrops.com/oxpinshtml/main-html/assets/vendors/layerdrops-toolbar/js/layerdrops-toolbar.html]
[pixydrops.com/oxpinshtml/main-html/assets/images/team/team-1-5.html]
[pixydrops.com/oxpinshtml/main-html/assets/images/team/team-1-6.html]
[pixydrops.com/oxpinshtml/main-html/assets/images/team/team-1-7.html]
[pixydrops.com/oxpinshtml/main-html/assets/images/team/team-1-8.html]
[pixydrops.com/oxpinshtml/main-html/assets/images/gallery/gallery-page-1-1.html]
[pixydrops.com/oxpinshtml/main-html/assets/images/gallery/gallery-page-1-2.html]
[pixydrops.com/oxpinshtml/main-html/assets/images/gallery/gallery-page-1-3.html]
[pixydrops.com/oxpinshtml/main-html/assets/images/gallery/gallery-page-1-4.html]
[pixydrops.com/oxpinshtml/main-html/assets/images/gallery/gallery-page-1-5.html]
[pixydrops.com/oxpinshtml/main-html/assets/images/gallery/gallery-page-1-6.html]
[pixydrops.com/oxpinshtml/main-html/assets/images/gallery/gallery-page-1-7.html]
[pixydrops.com/oxpinshtml/main-html/assets/images/gallery/gallery-page-1-8.html]
[pixydrops.com/oxpinshtml/main-html/assets/images/gallery/gallery-page-1-9.html]
[pixydrops.com/oxpinshtml/main-html/assets/images/shapes/feature-four-shape-1.html]
[pixydrops.com/oxpinshtml/main-html/assets/images/shapes/error-page-shape.html]
[pixydrops.com/oxpinshtml/main-html/assets/images/resources/causes-1-4.html]
[pixydrops.com/oxpinshtml/main-html/assets/images/resources/causes-1-5.html]
[pixydrops.com/oxpinshtml/main-html/assets/images/resources/causes-1-6.html]
[pixydrops.com/oxpinshtml/main-html/assets/images/resources/donations-list-img-1.html]
[pixydrops.com/oxpinshtml/main-html/assets/images/shapes/donations-list-progress-shape-1.html]
[pixydrops.com/oxpinshtml/main-html/assets/images/resources/donations-list-img-2.html]
[pixydrops.com/oxpinshtml/main-html/assets/images/resources/donations-list-img-3.html]
[pixydrops.com/oxpinshtml/main-html/assets/images/resources/donations-list-img-4.html]
[pixydrops.com/oxpinshtml/main-html/assets/images/resources/donations-list-img-5.html]
[pixydrops.com/oxpinshtml/main-html/assets/images/resources/donation-details-img-1.html]
[pixydrops.com/oxpinshtml/main-html/assets/images/shapes/donation-details-donate-shape.html]
[pixydrops.com/oxpinshtml/main-html/assets/images/shapes/recent-donation-shape-1.html]
[pixydrops.com/oxpinshtml/main-html/assets/images/resources/recent-donation-img-1.html]
[pixydrops.com/oxpinshtml/main-html/assets/images/resources/recent-donation-img-2.html]
[pixydrops.com/oxpinshtml/main-html/assets/images/resources/recent-donation-img-3.html]
[pixydrops.com/oxpinshtml/main-html/assets/images/resources/recent-donation-img-4.html]
[pixydrops.com/oxpinshtml/main-html/assets/images/resources/recent-donation-img-5.html]
[pixydrops.com/oxpinshtml/main-html/assets/images/blog/comment-1-1.html]
[pixydrops.com/oxpinshtml/main-html/assets/images/blog/comment-1-2.html]
[pixydrops.com/oxpinshtml/main-html/assets/images/shapes/sidebar-shape-1.html]
[pixydrops.com/oxpinshtml/main-html/assets/images/resources/donation-details-organizer-img.html]
[pixydrops.com/oxpinshtml/main-html/assets/images/blog/lp-1-1.html]
[pixydrops.com/oxpinshtml/main-html/assets/images/blog/lp-1-2.html]
[pixydrops.com/oxpinshtml/main-html/assets/images/blog/lp-1-3.html]
[pixydrops.com/oxpinshtml/main-html/assets/images/events/events-page-1-1.html]
[pixydrops.com/oxpinshtml/main-html/assets/images/events/events-page-1-2.html]
[pixydrops.com/oxpinshtml/main-html/assets/images/events/events-page-1-3.html]
[pixydrops.com/oxpinshtml/main-html/assets/images/events/events-page-1-4.html]
[pixydrops.com/oxpinshtml/main-html/assets/images/events/events-page-1-5.html]
[pixydrops.com/oxpinshtml/main-html/assets/images/events/events-page-1-6.html]
[pixydrops.com/oxpinshtml/main-html/assets/images/events/event-details-img-1.html]
[pixydrops.com/oxpinshtml/main-html/assets/images/events/event-details-img-2.html]
[pixydrops.com/oxpinshtml/main-html/assets/images/blog/news-1-4.html]
[pixydrops.com/oxpinshtml/main-html/assets/images/blog/news-1-5.html]
[pixydrops.com/oxpinshtml/main-html/assets/images/blog/news-1-6.html]
[pixydrops.com/oxpinshtml/main-html/assets/images/blog/news-sidebar-img-1.html]
[pixydrops.com/oxpinshtml/main-html/assets/images/blog/news-sidebar-img-2.html]
[pixydrops.com/oxpinshtml/main-html/assets/images/blog/news-sidebar-img-3.html]
[pixydrops.com/oxpinshtml/main-html/assets/images/shapes/news-sidebar-shape-1.html]
[pixydrops.com/oxpinshtml/main-html/assets/images/icon/news-sidebar-bottom-box-icon.html]
[pixydrops.com/oxpinshtml/main-html/assets/images/icon/news-sidebar__delivering-services-icon.html]
[pixydrops.com/oxpinshtml/main-html/assets/images/blog/news-details-img-1.html]
[pixydrops.com/oxpinshtml/main-html/assets/vendors/nice-select/nice-select.html]
[pixydrops.com/oxpinshtml/main-html/assets/images/shop/shop-product-1-1.html]
[pixydrops.com/oxpinshtml/main-html/assets/images/shop/shop-product-1-2.html]
[pixydrops.com/oxpinshtml/main-html/assets/images/shop/shop-product-1-3.html]
[pixydrops.com/oxpinshtml/main-html/assets/images/shop/shop-product-1-4.html]
[pixydrops.com/oxpinshtml/main-html/assets/images/shop/shop-product-1-5.html]
[pixydrops.com/oxpinshtml/main-html/assets/images/shop/shop-product-1-6.html]
[pixydrops.com/oxpinshtml/main-html/assets/images/shop/shop-product-1-7.html]
[pixydrops.com/oxpinshtml/main-html/assets/images/shop/shop-product-1-8.html]
[pixydrops.com/oxpinshtml/main-html/assets/images/shop/shop-product-1-9.html]
[pixydrops.com/oxpinshtml/main-html/assets/vendors/nice-select/jquery.nice-select.min.html]
[pixydrops.com/oxpinshtml/main-html/assets/images/shop/product-details-img-1.html]
[pixydrops.com/oxpinshtml/main-html/wishlist.html]
[pixydrops.com/oxpinshtml/main-html/assets/images/shop/review-1-1.html]
[pixydrops.com/oxpinshtml/main-html/assets/images/shop/review-1-2.html]
