
> temp_app@0.1.0 build
> next build

Γû▓ Next.js 16.1.0 (Turbopack)

node.exe : ΓÜá The "middleware" file convention is deprecated. Please use "proxy" 
instead. Learn more: https://nextjs.org/docs/messages/middleware-to-proxy
At line:1 char:1
+ & "C:\Program Files\nodejs/node.exe" "C:\Users\Abigail Njeri\AppData\ ...
+ ~~~~~~~~~~~~~~~~~~~~~~~~~~~~~~~~~~~~~~~~~~~~~~~~~~~~~~~~~~~~~~~~~~~~~
    + CategoryInfo          : NotSpecified: (ΓÜá The "middle...leware-to-proxy:String 
   ) [], RemoteException
    + FullyQualifiedErrorId : NativeCommandError
 
  Creating an optimized production build ...
Γ£ô Compiled successfully in 7.7s
  Running TypeScript ...
  Collecting page data using 7 workers ...
Resend API key missing. Email functionality will be disabled.
Resend API key missing. Email functionality will be disabled.
Resend API key missing. Email functionality will be disabled.
Resend API key missing. Email functionality will be disabled.
Resend API key missing. Email functionality will be disabled.
  Generating static pages using 7 workers (0/34) ...
Supabase environment variables are missing. Some features may not work.
Supabase environment variables are missing. Some features may not work.
Supabase environment variables are missing. Some features may not work.
Supabase environment variables are missing. Some features may not work.
Supabase environment variables are missing. Some features may not work.
Supabase environment variables are missing. Some features may not work.
Supabase environment variables are missing. Some features may not work.
Supabase environment variables are missing. Some features may not work.
Supabase environment variables are missing. Some features may not work.
Supabase environment variables are missing. Some features may not work.
Supabase environment variables are missing. Some features may not work.
Supabase environment variables are missing. Some features may not work.
Supabase environment variables are missing. Some features may not work.
Supabase environment variables are missing. Some features may not work.
Supabase environment variables are missing. Some features may not work.
Supabase environment variables are missing. Some features may not work.
  Generating static pages using 7 workers (8/34) 
  Generating static pages using 7 workers (16/34) 
Supabase environment variables are missing. Some features may not work.
Resend API key missing. Email functionality will be disabled.
Supabase environment variables are missing. Some features may not work.
Supabase environment variables are missing. Some features may not work.
Supabase environment variables are missing. Some features may not work.
Supabase environment variables are missing. Some features may not work.
Supabase environment variables are missing. Some features may not work.
Supabase environment variables are missing. Some features may not work.
Supabase environment variables are missing. Some features may not work.
Supabase environment variables are missing. Some features may not work.
Supabase environment variables are missing. Some features may not work.
  Generating static pages using 7 workers (25/34) 
Supabase environment variables are missing. Some features may not work.
Supabase environment variables are missing. Some features may not work.
Γ£ô Generating static pages using 7 workers (34/34) in 1024.1ms
  Finalizing page optimization ...

Route (app)
Γöî Γùï /
Γö£ Γùï /_not-found
Γö£ Γùï /about
Γö£ Γùï /admin
Γö£ Γùï /admin/contacts
Γö£ Γùï /admin/donations
Γö£ Γùï /admin/interns
Γö£ Γùï /admin/partners
Γö£ Γùï /admin/volunteers
Γö£ ╞Æ /api/contact
Γö£ ╞Æ /api/donate
Γö£ ╞Æ /api/internship/apply
Γö£ ╞Æ /api/partner/inquiry
Γö£ ╞Æ /api/volunteer/apply
Γö£ ╞Æ /auth/callback
Γö£ Γùï /computer-hub
Γö£ Γùï /contact
Γö£ Γùï /donate
Γö£ Γùï /gallery
Γö£ Γùï /impact
Γö£ Γùï /internship
Γö£ Γùï /invest
Γö£ Γùï /login
Γö£ Γùï /media
Γö£ Γùï /mobility
Γö£ Γùï /origin
Γö£ Γùï /partnership
Γö£ Γùï /portal
Γö£ Γùï /portal/apply
Γö£ Γùï /portal/partner
Γö£ Γùï /programs
Γö£ ╞Æ /programs/[id]
Γöö Γùï /volunteer


╞Æ Proxy (Middleware)

Γùï  (Static)   prerendered as static content
╞Æ  (Dynamic)  server-rendered on demand

